<html>
<body>
<pre>
<h1>µVision Build Log</h1>
<h2>Project:</h2>
U:\sarahc08\ME218C\Project\PICsoutforharambe-DOG\UVFrameworkTemplate.uvprojx
Project File Date:  05/13/2017

<h2>Output:</h2>
Rebuild target 'BaseFrameworkTarget'
compiling main.c...
compiling EventCheckers.c...
compiling TemplateFSM.c...
compiling ES_ShortTimer.c...
compiling IMU_Service.c...
assembling startup_rvmdk.S...
compiling ES_CheckEvents.c...
compiling ES_DeferRecall.c...
compiling ES_Framework.c...
compiling ES_LookupTables.c...
compiling ES_Port.c...
compiling ES_PostList.c...
compiling ES_Queue.c...
compiling ES_Timers.c...
compiling retarget.c...
compiling termio.c...
compiling uartstdio.c...
linking...
Program Size: Code=3880 RO-data=744 RW-data=48 ZI-data=2216  
After Build - User command #1: fromelf --bin --output .\Outputs\BaseTarget.bin .\Outputs\BaseTarget.axf
".\Outputs\BaseTarget.axf" - 0 Error(s), 0 Warning(s).
</pre>
</body>
</html>
U_Service (referred from es_framework.o).
Not enough information to list image symbols.
Finished: 1 information, 0 warning and 3 error messages.
".\Outputs\BaseTarget.axf" - 3 Error(s), 0 Warning(s).
Target not created
